SELECT run_command_on_all_nodes('ALTER SYSTEM SET citus.enable_ddl_propagation TO ON');
 run_command_on_all_nodes
---------------------------------------------------------------------
 (17,t,"ALTER SYSTEM")
(1 rows)

SELECT run_command_on_all_nodes('SELECT pg_reload_conf()');
 run_command_on_all_nodes
---------------------------------------------------------------------
 (17,t,t)
(1 rows)

